// Vitest Snapshot v1, https://vitest.dev/guide/snapshot.html

exports[`Complex Type Workflows Integration > resolves getter<""> from base.ts 1`] = `
[
  {
    "color": "#94A3B8",
    "duration": 30,
    "endFrame": 30,
    "highlightLines": {
      "chars": {
        "end": 33,
        "start": 0,
      },
      "end": 0,
      "start": 0,
    },
    "isHighlight": true,
    "original": {
      "currentUnionMember": undefined,
      "currentUnionResults": undefined,
      "expression": "type __EvalTarget__ = getter<"">;",
      "level": 0,
      "parameters": undefined,
      "position": {
        "end": {
          "character": 33,
          "line": 1,
        },
        "start": {
          "character": 0,
          "line": 1,
        },
      },
      "step": 1,
      "type": "type_alias_start",
    },
    "startFrame": 0,
    "stepIndex": 0,
  },
  {
    "color": "#3B82F6",
    "duration": 30,
    "endFrame": 60,
    "highlightLines": {
      "chars": {
        "end": 32,
        "start": 22,
      },
      "end": 0,
      "start": 0,
    },
    "isHighlight": true,
    "original": {
      "args": {
        "arg0": """",
      },
      "currentUnionMember": undefined,
      "currentUnionResults": undefined,
      "expression": "getter<"">",
      "level": 0,
      "parameters": undefined,
      "position": {
        "end": {
          "character": 32,
          "line": 1,
        },
        "start": {
          "character": 22,
          "line": 1,
        },
      },
      "step": 2,
      "type": "generic_call",
    },
    "startFrame": 30,
    "stepIndex": 1,
  },
  {
    "color": "#8B5CF6",
    "duration": 30,
    "endFrame": 90,
    "highlightLines": {
      "end": 26,
      "start": 24,
    },
    "isHighlight": true,
    "original": {
      "currentUnionMember": undefined,
      "currentUnionResults": undefined,
      "expression": "type getter<path extends string> = path extends validateLeafPath<tables, path>
      ? path
      : validateLeafPath<tables, path>;",
      "level": 0,
      "parameters": {
        "path": """",
      },
      "position": {
        "end": {
          "character": 39,
          "line": 27,
        },
        "start": {
          "character": 4,
          "line": 25,
        },
      },
      "step": 3,
      "type": "generic_def",
    },
    "startFrame": 60,
    "stepIndex": 2,
  },
  {
    "color": "#F59E0B",
    "duration": 30,
    "endFrame": 120,
    "highlightLines": {
      "end": 26,
      "start": 24,
    },
    "isHighlight": true,
    "original": {
      "currentUnionMember": undefined,
      "currentUnionResults": undefined,
      "expression": "path extends validateLeafPath<tables, path> ? path : validateLeafPath<tables, path>",
      "level": 1,
      "parameters": {
        "path": """",
      },
      "position": {
        "end": {
          "character": 38,
          "line": 27,
        },
        "start": {
          "character": 39,
          "line": 25,
        },
      },
      "step": 4,
      "type": "condition",
    },
    "startFrame": 90,
    "stepIndex": 3,
  },
  {
    "color": "#EC4899",
    "duration": 30,
    "endFrame": 150,
    "highlightLines": {
      "chars": {
        "end": 43,
        "start": 39,
      },
      "end": 24,
      "start": 24,
    },
    "isHighlight": true,
    "original": {
      "currentUnionMember": undefined,
      "currentUnionResults": undefined,
      "expression": "path",
      "level": 2,
      "parameters": {
        "path": """",
      },
      "position": {
        "end": {
          "character": 43,
          "line": 25,
        },
        "start": {
          "character": 39,
          "line": 25,
        },
      },
      "step": 5,
      "type": "conditional_evaluate_left",
    },
    "startFrame": 120,
    "stepIndex": 4,
  },
  {
    "color": "#EC4899",
    "duration": 30,
    "endFrame": 180,
    "highlightLines": {
      "chars": {
        "end": 82,
        "start": 52,
      },
      "end": 24,
      "start": 24,
    },
    "isHighlight": true,
    "original": {
      "currentUnionMember": undefined,
      "currentUnionResults": undefined,
      "expression": "validateLeafPath<tables, path>",
      "level": 2,
      "parameters": {
        "path": """",
      },
      "position": {
        "end": {
          "character": 82,
          "line": 25,
        },
        "start": {
          "character": 52,
          "line": 25,
        },
      },
      "step": 6,
      "type": "conditional_evaluate_right",
    },
    "startFrame": 150,
    "stepIndex": 5,
  },
  {
    "color": "#F59E0B",
    "duration": 30,
    "endFrame": 210,
    "highlightLines": {
      "chars": {
        "end": 82,
        "start": 39,
      },
      "end": 24,
      "start": 24,
    },
    "isHighlight": true,
    "original": {
      "currentUnionMember": undefined,
      "currentUnionResults": undefined,
      "expression": "path extends validateLeafPath<tables, path>",
      "level": 1,
      "parameters": {
        "path": """",
      },
      "position": {
        "end": {
          "character": 82,
          "line": 25,
        },
        "start": {
          "character": 39,
          "line": 25,
        },
      },
      "step": 7,
      "type": "conditional_comparison",
    },
    "startFrame": 180,
    "stepIndex": 6,
  },
  {
    "color": "#F59E0B",
    "duration": 30,
    "endFrame": 240,
    "highlightLines": {
      "chars": {
        "end": 38,
        "start": 8,
      },
      "end": 26,
      "start": 26,
    },
    "isHighlight": true,
    "original": {
      "currentUnionMember": undefined,
      "currentUnionResults": undefined,
      "expression": "false",
      "level": 1,
      "parameters": {
        "path": """",
      },
      "position": {
        "end": {
          "character": 38,
          "line": 27,
        },
        "start": {
          "character": 8,
          "line": 27,
        },
      },
      "result": "false",
      "step": 8,
      "type": "conditional_evaluation",
    },
    "startFrame": 210,
    "stepIndex": 7,
  },
  {
    "color": "#EF4444",
    "duration": 30,
    "endFrame": 270,
    "highlightLines": {
      "chars": {
        "end": 38,
        "start": 8,
      },
      "end": 26,
      "start": 26,
    },
    "isHighlight": true,
    "original": {
      "currentUnionMember": undefined,
      "currentUnionResults": undefined,
      "expression": "validateLeafPath<tables, path>",
      "level": 1,
      "parameters": {
        "path": """",
      },
      "position": {
        "end": {
          "character": 38,
          "line": 27,
        },
        "start": {
          "character": 8,
          "line": 27,
        },
      },
      "step": 9,
      "type": "branch_false",
    },
    "startFrame": 240,
    "stepIndex": 8,
  },
  {
    "color": "#3B82F6",
    "duration": 30,
    "endFrame": 300,
    "highlightLines": {
      "chars": {
        "end": 38,
        "start": 8,
      },
      "end": 26,
      "start": 26,
    },
    "isHighlight": true,
    "original": {
      "args": {
        "arg0": "tables",
        "arg1": """",
      },
      "currentUnionMember": undefined,
      "currentUnionResults": undefined,
      "expression": "validateLeafPath<tables, "">",
      "level": 2,
      "parameters": {
        "path": """",
      },
      "position": {
        "end": {
          "character": 38,
          "line": 27,
        },
        "start": {
          "character": 8,
          "line": 27,
        },
      },
      "step": 10,
      "type": "generic_call",
    },
    "startFrame": 270,
    "stepIndex": 9,
  },
  {
    "color": "#8B5CF6",
    "duration": 30,
    "endFrame": 330,
    "highlightLines": {
      "end": 23,
      "start": 14,
    },
    "isHighlight": true,
    "original": {
      "currentUnionMember": undefined,
      "currentUnionResults": undefined,
      "expression": "type validateLeafPath<o, path extends string, prefix extends string = ""> =
      path extends \`\${infer head}.\${infer tail}\`
        ? head extends keyOf<o>
          ? validateLeafPath<getKey<o, head>, tail, \`\${prefix}\${head}.\`>
          : never
        : path extends keyOf<o>
          ? isLeaf<getKey<o, path>> extends true
            ? \`\${prefix}\${path}\`
            : never
          : never;",
      "level": 2,
      "parameters": {
        "o": "tables",
        "path": """",
        "prefix": """",
      },
      "position": {
        "end": {
          "character": 18,
          "line": 24,
        },
        "start": {
          "character": 4,
          "line": 15,
        },
      },
      "step": 11,
      "type": "generic_def",
    },
    "startFrame": 300,
    "stepIndex": 10,
  },
  {
    "color": "#F59E0B",
    "duration": 30,
    "endFrame": 360,
    "highlightLines": {
      "end": 23,
      "start": 15,
    },
    "isHighlight": true,
    "original": {
      "currentUnionMember": undefined,
      "currentUnionResults": undefined,
      "expression": "path extends \`\${infer head}.\${infer tail}\` ? head extends keyOf<o>
          ? validateLeafPath<getKey<o, head>, tail, \`\${prefix}\${head}.\`>
          : never : path extends keyOf<o>
          ? isLeaf<getKey<o, path>> extends true
            ? \`\${prefix}\${path}\`
            : never
          : never",
      "level": 3,
      "parameters": {
        "o": "tables",
        "path": """",
        "prefix": """",
      },
      "position": {
        "end": {
          "character": 17,
          "line": 24,
        },
        "start": {
          "character": 6,
          "line": 16,
        },
      },
      "step": 12,
      "type": "condition",
    },
    "startFrame": 330,
    "stepIndex": 11,
  },
  {
    "color": "#EC4899",
    "duration": 30,
    "endFrame": 390,
    "highlightLines": {
      "chars": {
        "end": 10,
        "start": 6,
      },
      "end": 15,
      "start": 15,
    },
    "isHighlight": true,
    "original": {
      "currentUnionMember": undefined,
      "currentUnionResults": undefined,
      "expression": "path",
      "level": 4,
      "parameters": {
        "o": "tables",
        "path": """",
        "prefix": """",
      },
      "position": {
        "end": {
          "character": 10,
          "line": 16,
        },
        "start": {
          "character": 6,
          "line": 16,
        },
      },
      "step": 13,
      "type": "conditional_evaluate_left",
    },
    "startFrame": 360,
    "stepIndex": 12,
  },
  {
    "color": "#EC4899",
    "duration": 30,
    "endFrame": 420,
    "highlightLines": {
      "chars": {
        "end": 48,
        "start": 19,
      },
      "end": 15,
      "start": 15,
    },
    "isHighlight": true,
    "original": {
      "currentUnionMember": undefined,
      "currentUnionResults": undefined,
      "expression": "\`\${infer head}.\${infer tail}\`",
      "level": 4,
      "parameters": {
        "o": "tables",
        "path": """",
        "prefix": """",
      },
      "position": {
        "end": {
          "character": 48,
          "line": 16,
        },
        "start": {
          "character": 19,
          "line": 16,
        },
      },
      "step": 14,
      "type": "conditional_evaluate_right",
    },
    "startFrame": 390,
    "stepIndex": 13,
  },
  {
    "color": "#F59E0B",
    "duration": 30,
    "endFrame": 450,
    "highlightLines": {
      "chars": {
        "end": 48,
        "start": 6,
      },
      "end": 15,
      "start": 15,
    },
    "isHighlight": true,
    "original": {
      "currentUnionMember": undefined,
      "currentUnionResults": undefined,
      "expression": "path extends \`\${infer head}.\${infer tail}\`",
      "level": 3,
      "parameters": {
        "o": "tables",
        "path": """",
        "prefix": """",
      },
      "position": {
        "end": {
          "character": 48,
          "line": 16,
        },
        "start": {
          "character": 6,
          "line": 16,
        },
      },
      "step": 15,
      "type": "conditional_comparison",
    },
    "startFrame": 420,
    "stepIndex": 14,
  },
  {
    "color": "#F59E0B",
    "duration": 30,
    "endFrame": 480,
    "highlightLines": {
      "end": 23,
      "start": 19,
    },
    "isHighlight": true,
    "original": {
      "currentUnionMember": undefined,
      "currentUnionResults": undefined,
      "expression": "false",
      "level": 3,
      "parameters": {
        "o": "tables",
        "path": """",
        "prefix": """",
      },
      "position": {
        "end": {
          "character": 17,
          "line": 24,
        },
        "start": {
          "character": 10,
          "line": 20,
        },
      },
      "result": "false",
      "step": 16,
      "type": "conditional_evaluation",
    },
    "startFrame": 450,
    "stepIndex": 15,
  },
  {
    "color": "#EF4444",
    "duration": 30,
    "endFrame": 510,
    "highlightLines": {
      "end": 23,
      "start": 19,
    },
    "isHighlight": true,
    "original": {
      "currentUnionMember": undefined,
      "currentUnionResults": undefined,
      "expression": "path extends keyOf<o>
          ? isLeaf<getKey<o, path>> extends true
            ? \`\${prefix}\${path}\`
            : never
          : never",
      "level": 3,
      "parameters": {
        "o": "tables",
        "path": """",
        "prefix": """",
      },
      "position": {
        "end": {
          "character": 17,
          "line": 24,
        },
        "start": {
          "character": 10,
          "line": 20,
        },
      },
      "step": 17,
      "type": "branch_false",
    },
    "startFrame": 480,
    "stepIndex": 16,
  },
  {
    "color": "#F59E0B",
    "duration": 30,
    "endFrame": 540,
    "highlightLines": {
      "end": 23,
      "start": 19,
    },
    "isHighlight": true,
    "original": {
      "currentUnionMember": undefined,
      "currentUnionResults": undefined,
      "expression": "path extends keyOf<o> ? isLeaf<getKey<o, path>> extends true
            ? \`\${prefix}\${path}\`
            : never : never",
      "level": 4,
      "parameters": {
        "o": "tables",
        "path": """",
        "prefix": """",
      },
      "position": {
        "end": {
          "character": 17,
          "line": 24,
        },
        "start": {
          "character": 10,
          "line": 20,
        },
      },
      "step": 18,
      "type": "condition",
    },
    "startFrame": 510,
    "stepIndex": 17,
  },
  {
    "color": "#EC4899",
    "duration": 30,
    "endFrame": 570,
    "highlightLines": {
      "chars": {
        "end": 14,
        "start": 10,
      },
      "end": 19,
      "start": 19,
    },
    "isHighlight": true,
    "original": {
      "currentUnionMember": undefined,
      "currentUnionResults": undefined,
      "expression": "path",
      "level": 5,
      "parameters": {
        "o": "tables",
        "path": """",
        "prefix": """",
      },
      "position": {
        "end": {
          "character": 14,
          "line": 20,
        },
        "start": {
          "character": 10,
          "line": 20,
        },
      },
      "step": 19,
      "type": "conditional_evaluate_left",
    },
    "startFrame": 540,
    "stepIndex": 18,
  },
  {
    "color": "#EC4899",
    "duration": 30,
    "endFrame": 600,
    "highlightLines": {
      "chars": {
        "end": 31,
        "start": 23,
      },
      "end": 19,
      "start": 19,
    },
    "isHighlight": true,
    "original": {
      "currentUnionMember": undefined,
      "currentUnionResults": undefined,
      "expression": "keyOf<o>",
      "level": 5,
      "parameters": {
        "o": "tables",
        "path": """",
        "prefix": """",
      },
      "position": {
        "end": {
          "character": 31,
          "line": 20,
        },
        "start": {
          "character": 23,
          "line": 20,
        },
      },
      "step": 20,
      "type": "conditional_evaluate_right",
    },
    "startFrame": 570,
    "stepIndex": 19,
  },
  {
    "color": "#F59E0B",
    "duration": 30,
    "endFrame": 630,
    "highlightLines": {
      "chars": {
        "end": 31,
        "start": 10,
      },
      "end": 19,
      "start": 19,
    },
    "isHighlight": true,
    "original": {
      "currentUnionMember": undefined,
      "currentUnionResults": undefined,
      "expression": "path extends keyOf<o>",
      "level": 4,
      "parameters": {
        "o": "tables",
        "path": """",
        "prefix": """",
      },
      "position": {
        "end": {
          "character": 31,
          "line": 20,
        },
        "start": {
          "character": 10,
          "line": 20,
        },
      },
      "step": 21,
      "type": "conditional_comparison",
    },
    "startFrame": 600,
    "stepIndex": 20,
  },
  {
    "color": "#F59E0B",
    "duration": 30,
    "endFrame": 660,
    "highlightLines": {
      "chars": {
        "end": 17,
        "start": 12,
      },
      "end": 23,
      "start": 23,
    },
    "isHighlight": true,
    "original": {
      "currentUnionMember": undefined,
      "currentUnionResults": undefined,
      "expression": "false",
      "level": 4,
      "parameters": {
        "o": "tables",
        "path": """",
        "prefix": """",
      },
      "position": {
        "end": {
          "character": 17,
          "line": 24,
        },
        "start": {
          "character": 12,
          "line": 24,
        },
      },
      "result": "false",
      "step": 22,
      "type": "conditional_evaluation",
    },
    "startFrame": 630,
    "stepIndex": 21,
  },
  {
    "color": "#EF4444",
    "duration": 30,
    "endFrame": 690,
    "highlightLines": {
      "chars": {
        "end": 17,
        "start": 12,
      },
      "end": 23,
      "start": 23,
    },
    "isHighlight": true,
    "original": {
      "currentUnionMember": undefined,
      "currentUnionResults": undefined,
      "expression": "never",
      "level": 4,
      "parameters": {
        "o": "tables",
        "path": """",
        "prefix": """",
      },
      "position": {
        "end": {
          "character": 17,
          "line": 24,
        },
        "start": {
          "character": 12,
          "line": 24,
        },
      },
      "step": 23,
      "type": "branch_false",
    },
    "startFrame": 660,
    "stepIndex": 22,
  },
  {
    "color": "#10B981",
    "duration": 30,
    "endFrame": 720,
    "highlightLines": {
      "end": 23,
      "start": 19,
    },
    "isHighlight": true,
    "original": {
      "currentUnionMember": undefined,
      "currentUnionResults": undefined,
      "expression": "never",
      "level": 4,
      "parameters": {
        "o": "tables",
        "path": """",
        "prefix": """",
      },
      "position": {
        "end": {
          "character": 17,
          "line": 24,
        },
        "start": {
          "character": 10,
          "line": 20,
        },
      },
      "step": 24,
      "type": "result_assignment",
    },
    "startFrame": 690,
    "stepIndex": 23,
  },
  {
    "color": "#10B981",
    "duration": 30,
    "endFrame": 750,
    "highlightLines": {
      "end": 23,
      "start": 15,
    },
    "isHighlight": true,
    "original": {
      "currentUnionMember": undefined,
      "currentUnionResults": undefined,
      "expression": "never",
      "level": 3,
      "parameters": {
        "o": "tables",
        "path": """",
        "prefix": """",
      },
      "position": {
        "end": {
          "character": 17,
          "line": 24,
        },
        "start": {
          "character": 6,
          "line": 16,
        },
      },
      "step": 25,
      "type": "result_assignment",
    },
    "startFrame": 720,
    "stepIndex": 24,
  },
  {
    "color": "#10B981",
    "duration": 30,
    "endFrame": 780,
    "highlightLines": {
      "end": 23,
      "start": 14,
    },
    "isHighlight": true,
    "original": {
      "currentUnionMember": undefined,
      "currentUnionResults": undefined,
      "expression": "validateLeafPath => never",
      "level": 2,
      "parameters": {
        "o": "tables",
        "path": """",
        "prefix": """",
      },
      "position": {
        "end": {
          "character": 18,
          "line": 24,
        },
        "start": {
          "character": 4,
          "line": 15,
        },
      },
      "result": "never",
      "step": 26,
      "type": "generic_result",
    },
    "startFrame": 750,
    "stepIndex": 25,
  },
  {
    "color": "#10B981",
    "duration": 30,
    "endFrame": 810,
    "highlightLines": {
      "end": 26,
      "start": 24,
    },
    "isHighlight": true,
    "original": {
      "currentUnionMember": undefined,
      "currentUnionResults": undefined,
      "expression": "never",
      "level": 1,
      "parameters": {
        "path": """",
      },
      "position": {
        "end": {
          "character": 38,
          "line": 27,
        },
        "start": {
          "character": 39,
          "line": 25,
        },
      },
      "step": 27,
      "type": "result_assignment",
    },
    "startFrame": 780,
    "stepIndex": 26,
  },
  {
    "color": "#10B981",
    "duration": 30,
    "endFrame": 840,
    "highlightLines": {
      "end": 26,
      "start": 24,
    },
    "isHighlight": true,
    "original": {
      "currentUnionMember": undefined,
      "currentUnionResults": undefined,
      "expression": "getter => never",
      "level": 0,
      "parameters": {
        "path": """",
      },
      "position": {
        "end": {
          "character": 39,
          "line": 27,
        },
        "start": {
          "character": 4,
          "line": 25,
        },
      },
      "result": "never",
      "step": 28,
      "type": "generic_result",
    },
    "startFrame": 810,
    "stepIndex": 27,
  },
]
`;
