// Vitest Snapshot v1, https://vitest.dev/guide/snapshot.html

exports[`Complex Type Workflows Integration > resolves getter<""> from base.ts 1`] = `
[
  {
    "color": "#94A3B8",
    "duration": 30,
    "endFrame": 30,
    "highlightLines": {
      "chars": {
        "end": 33,
        "start": 0,
      },
      "end": 0,
      "start": 0,
    },
    "isHighlight": true,
    "original": {
      "currentUnionMember": undefined,
      "currentUnionResults": undefined,
      "expression": "type __EvalTarget__ = getter<"">;",
      "level": 0,
      "parameters": undefined,
      "position": {
        "end": {
          "character": 33,
          "line": 1,
        },
        "start": {
          "character": 0,
          "line": 1,
        },
      },
      "step": 1,
      "type": "type_alias_start",
    },
    "startFrame": 0,
    "stepIndex": 0,
  },
  {
    "color": "#3B82F6",
    "duration": 30,
    "endFrame": 60,
    "highlightLines": {
      "chars": {
        "end": 32,
        "start": 22,
      },
      "end": 0,
      "start": 0,
    },
    "isHighlight": true,
    "original": {
      "args": {
        "arg0": """",
      },
      "currentUnionMember": undefined,
      "currentUnionResults": undefined,
      "expression": "getter<"">",
      "level": 0,
      "parameters": undefined,
      "position": {
        "end": {
          "character": 32,
          "line": 1,
        },
        "start": {
          "character": 22,
          "line": 1,
        },
      },
      "step": 2,
      "type": "generic_call",
    },
    "startFrame": 30,
    "stepIndex": 1,
  },
  {
    "color": "#8B5CF6",
    "duration": 30,
    "endFrame": 90,
    "highlightLines": {
      "end": 26,
      "start": 24,
    },
    "isHighlight": true,
    "original": {
      "currentUnionMember": undefined,
      "currentUnionResults": undefined,
      "expression": "type getter<path extends string> = path extends validateLeafPath<tables, path>
      ? path
      : validateLeafPath<tables, path>;",
      "level": 0,
      "parameters": {
        "path": """",
      },
      "position": {
        "end": {
          "character": 39,
          "line": 27,
        },
        "start": {
          "character": 4,
          "line": 25,
        },
      },
      "step": 3,
      "type": "generic_def",
    },
    "startFrame": 60,
    "stepIndex": 2,
  },
  {
    "color": "#F59E0B",
    "duration": 30,
    "endFrame": 120,
    "highlightLines": {
      "end": 26,
      "start": 24,
    },
    "isHighlight": true,
    "original": {
      "currentUnionMember": undefined,
      "currentUnionResults": undefined,
      "expression": "path extends validateLeafPath<tables, path> ? path : validateLeafPath<tables, path>",
      "level": 1,
      "parameters": {
        "path": """",
      },
      "position": {
        "end": {
          "character": 38,
          "line": 27,
        },
        "start": {
          "character": 39,
          "line": 25,
        },
      },
      "step": 4,
      "type": "condition",
    },
    "startFrame": 90,
    "stepIndex": 3,
  },
  {
    "color": "#EC4899",
    "duration": 30,
    "endFrame": 150,
    "highlightLines": {
      "chars": {
        "end": 43,
        "start": 39,
      },
      "end": 24,
      "start": 24,
    },
    "isHighlight": true,
    "original": {
      "currentUnionMember": undefined,
      "currentUnionResults": undefined,
      "expression": "path",
      "level": 2,
      "parameters": {
        "path": """",
      },
      "position": {
        "end": {
          "character": 43,
          "line": 25,
        },
        "start": {
          "character": 39,
          "line": 25,
        },
      },
      "step": 5,
      "type": "conditional_evaluate_left",
    },
    "startFrame": 120,
    "stepIndex": 4,
  },
  {
    "color": "#EC4899",
    "duration": 30,
    "endFrame": 180,
    "highlightLines": {
      "chars": {
        "end": 82,
        "start": 52,
      },
      "end": 24,
      "start": 24,
    },
    "isHighlight": true,
    "original": {
      "currentUnionMember": undefined,
      "currentUnionResults": undefined,
      "expression": "validateLeafPath<tables, path>",
      "level": 2,
      "parameters": {
        "path": """",
      },
      "position": {
        "end": {
          "character": 82,
          "line": 25,
        },
        "start": {
          "character": 52,
          "line": 25,
        },
      },
      "step": 6,
      "type": "conditional_evaluate_right",
    },
    "startFrame": 150,
    "stepIndex": 5,
  },
  {
    "color": "#3B82F6",
    "duration": 30,
    "endFrame": 210,
    "highlightLines": {
      "chars": {
        "end": 75,
        "start": 69,
      },
      "end": 24,
      "start": 24,
    },
    "isHighlight": true,
    "original": {
      "args": {},
      "currentUnionMember": undefined,
      "currentUnionResults": undefined,
      "expression": "tables<>",
      "level": 3,
      "parameters": {
        "path": """",
      },
      "position": {
        "end": {
          "character": 75,
          "line": 25,
        },
        "start": {
          "character": 69,
          "line": 25,
        },
      },
      "step": 7,
      "type": "generic_call",
    },
    "startFrame": 180,
    "stepIndex": 6,
  },
  {
    "color": "#6366F1",
    "duration": 30,
    "endFrame": 240,
    "highlightLines": {
      "end": 5,
      "start": 2,
    },
    "isHighlight": true,
    "original": {
      "currentUnionMember": undefined,
      "currentUnionResults": undefined,
      "expression": "tables = {
      User: { id: number; name: string };
      Post: { id: number; title: string };
    }",
      "level": 3,
      "parameters": {
        "path": """",
      },
      "position": {
        "end": {
          "character": 6,
          "line": 6,
        },
        "start": {
          "character": 4,
          "line": 3,
        },
      },
      "step": 8,
      "type": "alias_reference",
    },
    "startFrame": 210,
    "stepIndex": 7,
  },
  {
    "color": "#3B82F6",
    "duration": 30,
    "endFrame": 270,
    "highlightLines": {
      "chars": {
        "end": 82,
        "start": 52,
      },
      "end": 24,
      "start": 24,
    },
    "isHighlight": true,
    "original": {
      "args": {
        "arg0": "{
      User: { id: number; name: string };
      Post: { id: number; title: string };
    }",
        "arg1": """",
      },
      "currentUnionMember": undefined,
      "currentUnionResults": undefined,
      "expression": "validateLeafPath<{
      User: { id: number; name: string };
      Post: { id: number; title: string };
    }, "">",
      "level": 2,
      "parameters": {
        "path": """",
      },
      "position": {
        "end": {
          "character": 82,
          "line": 25,
        },
        "start": {
          "character": 52,
          "line": 25,
        },
      },
      "step": 9,
      "type": "generic_call",
    },
    "startFrame": 240,
    "stepIndex": 8,
  },
  {
    "color": "#8B5CF6",
    "duration": 30,
    "endFrame": 300,
    "highlightLines": {
      "end": 23,
      "start": 14,
    },
    "isHighlight": true,
    "original": {
      "currentUnionMember": undefined,
      "currentUnionResults": undefined,
      "expression": "type validateLeafPath<o, path extends string, prefix extends string = ""> =
      path extends \`\${infer head}.\${infer tail}\`
        ? head extends keyOf<o>
          ? validateLeafPath<getKey<o, head>, tail, \`\${prefix}\${head}.\`>
          : never
        : path extends keyOf<o>
          ? isLeaf<getKey<o, path>> extends true
            ? \`\${prefix}\${path}\`
            : never
          : never;",
      "level": 2,
      "parameters": {
        "o": "{
      User: { id: number; name: string };
      Post: { id: number; title: string };
    }",
        "path": """",
        "prefix": """",
      },
      "position": {
        "end": {
          "character": 18,
          "line": 24,
        },
        "start": {
          "character": 4,
          "line": 15,
        },
      },
      "step": 10,
      "type": "generic_def",
    },
    "startFrame": 270,
    "stepIndex": 9,
  },
  {
    "color": "#F59E0B",
    "duration": 30,
    "endFrame": 330,
    "highlightLines": {
      "end": 23,
      "start": 15,
    },
    "isHighlight": true,
    "original": {
      "currentUnionMember": undefined,
      "currentUnionResults": undefined,
      "expression": "path extends \`\${infer head}.\${infer tail}\` ? head extends keyOf<o>
          ? validateLeafPath<getKey<o, head>, tail, \`\${prefix}\${head}.\`>
          : never : path extends keyOf<o>
          ? isLeaf<getKey<o, path>> extends true
            ? \`\${prefix}\${path}\`
            : never
          : never",
      "level": 3,
      "parameters": {
        "o": "{
      User: { id: number; name: string };
      Post: { id: number; title: string };
    }",
        "path": """",
        "prefix": """",
      },
      "position": {
        "end": {
          "character": 17,
          "line": 24,
        },
        "start": {
          "character": 6,
          "line": 16,
        },
      },
      "step": 11,
      "type": "condition",
    },
    "startFrame": 300,
    "stepIndex": 10,
  },
  {
    "color": "#9333EA",
    "duration": 30,
    "endFrame": 360,
    "highlightLines": {
      "chars": {
        "end": 48,
        "start": 19,
      },
      "end": 15,
      "start": 15,
    },
    "isHighlight": true,
    "original": {
      "currentUnionMember": undefined,
      "currentUnionResults": undefined,
      "expression": "Pattern: \`\${infer head}.\${infer tail}\`",
      "level": 3,
      "parameters": {
        "o": "{
      User: { id: number; name: string };
      Post: { id: number; title: string };
    }",
        "path": """",
        "prefix": """",
      },
      "position": {
        "end": {
          "character": 48,
          "line": 16,
        },
        "start": {
          "character": 19,
          "line": 16,
        },
      },
      "step": 12,
      "type": "infer_pattern_start",
    },
    "startFrame": 330,
    "stepIndex": 11,
  },
  {
    "color": "#22C55E",
    "duration": 30,
    "endFrame": 390,
    "highlightLines": {
      "chars": {
        "end": 48,
        "start": 19,
      },
      "end": 15,
      "start": 15,
    },
    "isHighlight": true,
    "original": {
      "currentUnionMember": undefined,
      "currentUnionResults": undefined,
      "expression": """ does not match \`\${infer head}.\${infer tail}\`",
      "level": 3,
      "parameters": {
        "o": "{
      User: { id: number; name: string };
      Post: { id: number; title: string };
    }",
        "path": """",
        "prefix": """",
      },
      "position": {
        "end": {
          "character": 48,
          "line": 16,
        },
        "start": {
          "character": 19,
          "line": 16,
        },
      },
      "result": "false",
      "step": 13,
      "type": "infer_pattern_match",
    },
    "startFrame": 360,
    "stepIndex": 12,
  },
  {
    "color": "#EC4899",
    "duration": 30,
    "endFrame": 420,
    "highlightLines": {
      "chars": {
        "end": 10,
        "start": 6,
      },
      "end": 15,
      "start": 15,
    },
    "isHighlight": true,
    "original": {
      "currentUnionMember": undefined,
      "currentUnionResults": undefined,
      "expression": "path",
      "level": 4,
      "parameters": {
        "o": "{
      User: { id: number; name: string };
      Post: { id: number; title: string };
    }",
        "path": """",
        "prefix": """",
      },
      "position": {
        "end": {
          "character": 10,
          "line": 16,
        },
        "start": {
          "character": 6,
          "line": 16,
        },
      },
      "step": 14,
      "type": "conditional_evaluate_left",
    },
    "startFrame": 390,
    "stepIndex": 13,
  },
  {
    "color": "#EC4899",
    "duration": 30,
    "endFrame": 450,
    "highlightLines": {
      "chars": {
        "end": 48,
        "start": 19,
      },
      "end": 15,
      "start": 15,
    },
    "isHighlight": true,
    "original": {
      "currentUnionMember": undefined,
      "currentUnionResults": undefined,
      "expression": "\`\${infer head}.\${infer tail}\`",
      "level": 4,
      "parameters": {
        "o": "{
      User: { id: number; name: string };
      Post: { id: number; title: string };
    }",
        "path": """",
        "prefix": """",
      },
      "position": {
        "end": {
          "character": 48,
          "line": 16,
        },
        "start": {
          "character": 19,
          "line": 16,
        },
      },
      "step": 15,
      "type": "conditional_evaluate_right",
    },
    "startFrame": 420,
    "stepIndex": 14,
  },
  {
    "color": "#F59E0B",
    "duration": 30,
    "endFrame": 480,
    "highlightLines": {
      "chars": {
        "end": 48,
        "start": 6,
      },
      "end": 15,
      "start": 15,
    },
    "isHighlight": true,
    "original": {
      "currentUnionMember": undefined,
      "currentUnionResults": undefined,
      "expression": "path extends \`\${infer head}.\${infer tail}\`",
      "level": 3,
      "parameters": {
        "o": "{
      User: { id: number; name: string };
      Post: { id: number; title: string };
    }",
        "path": """",
        "prefix": """",
      },
      "position": {
        "end": {
          "character": 48,
          "line": 16,
        },
        "start": {
          "character": 6,
          "line": 16,
        },
      },
      "step": 16,
      "type": "conditional_comparison",
    },
    "startFrame": 450,
    "stepIndex": 15,
  },
  {
    "color": "#F59E0B",
    "duration": 30,
    "endFrame": 510,
    "highlightLines": {
      "end": 23,
      "start": 19,
    },
    "isHighlight": true,
    "original": {
      "currentUnionMember": undefined,
      "currentUnionResults": undefined,
      "expression": "false",
      "level": 3,
      "parameters": {
        "o": "{
      User: { id: number; name: string };
      Post: { id: number; title: string };
    }",
        "path": """",
        "prefix": """",
      },
      "position": {
        "end": {
          "character": 17,
          "line": 24,
        },
        "start": {
          "character": 10,
          "line": 20,
        },
      },
      "result": "false",
      "step": 17,
      "type": "conditional_evaluation",
    },
    "startFrame": 480,
    "stepIndex": 16,
  },
  {
    "color": "#EF4444",
    "duration": 30,
    "endFrame": 540,
    "highlightLines": {
      "end": 23,
      "start": 19,
    },
    "isHighlight": true,
    "original": {
      "currentUnionMember": undefined,
      "currentUnionResults": undefined,
      "expression": "path extends keyOf<o>
          ? isLeaf<getKey<o, path>> extends true
            ? \`\${prefix}\${path}\`
            : never
          : never",
      "level": 3,
      "parameters": {
        "o": "{
      User: { id: number; name: string };
      Post: { id: number; title: string };
    }",
        "path": """",
        "prefix": """",
      },
      "position": {
        "end": {
          "character": 17,
          "line": 24,
        },
        "start": {
          "character": 10,
          "line": 20,
        },
      },
      "step": 18,
      "type": "branch_false",
    },
    "startFrame": 510,
    "stepIndex": 17,
  },
  {
    "color": "#F59E0B",
    "duration": 30,
    "endFrame": 570,
    "highlightLines": {
      "end": 23,
      "start": 19,
    },
    "isHighlight": true,
    "original": {
      "currentUnionMember": undefined,
      "currentUnionResults": undefined,
      "expression": "path extends keyOf<o> ? isLeaf<getKey<o, path>> extends true
            ? \`\${prefix}\${path}\`
            : never : never",
      "level": 4,
      "parameters": {
        "o": "{
      User: { id: number; name: string };
      Post: { id: number; title: string };
    }",
        "path": """",
        "prefix": """",
      },
      "position": {
        "end": {
          "character": 17,
          "line": 24,
        },
        "start": {
          "character": 10,
          "line": 20,
        },
      },
      "step": 19,
      "type": "condition",
    },
    "startFrame": 540,
    "stepIndex": 18,
  },
  {
    "color": "#EC4899",
    "duration": 30,
    "endFrame": 600,
    "highlightLines": {
      "chars": {
        "end": 14,
        "start": 10,
      },
      "end": 19,
      "start": 19,
    },
    "isHighlight": true,
    "original": {
      "currentUnionMember": undefined,
      "currentUnionResults": undefined,
      "expression": "path",
      "level": 5,
      "parameters": {
        "o": "{
      User: { id: number; name: string };
      Post: { id: number; title: string };
    }",
        "path": """",
        "prefix": """",
      },
      "position": {
        "end": {
          "character": 14,
          "line": 20,
        },
        "start": {
          "character": 10,
          "line": 20,
        },
      },
      "step": 20,
      "type": "conditional_evaluate_left",
    },
    "startFrame": 570,
    "stepIndex": 19,
  },
  {
    "color": "#EC4899",
    "duration": 30,
    "endFrame": 630,
    "highlightLines": {
      "chars": {
        "end": 31,
        "start": 23,
      },
      "end": 19,
      "start": 19,
    },
    "isHighlight": true,
    "original": {
      "currentUnionMember": undefined,
      "currentUnionResults": undefined,
      "expression": "keyOf<o>",
      "level": 5,
      "parameters": {
        "o": "{
      User: { id: number; name: string };
      Post: { id: number; title: string };
    }",
        "path": """",
        "prefix": """",
      },
      "position": {
        "end": {
          "character": 31,
          "line": 20,
        },
        "start": {
          "character": 23,
          "line": 20,
        },
      },
      "step": 21,
      "type": "conditional_evaluate_right",
    },
    "startFrame": 600,
    "stepIndex": 20,
  },
  {
    "color": "#3B82F6",
    "duration": 30,
    "endFrame": 660,
    "highlightLines": {
      "chars": {
        "end": 31,
        "start": 23,
      },
      "end": 19,
      "start": 19,
    },
    "isHighlight": true,
    "original": {
      "args": {
        "arg0": "{
      User: { id: number; name: string };
      Post: { id: number; title: string };
    }",
      },
      "currentUnionMember": undefined,
      "currentUnionResults": undefined,
      "expression": "keyOf<{
      User: { id: number; name: string };
      Post: { id: number; title: string };
    }>",
      "level": 5,
      "parameters": {
        "o": "{
      User: { id: number; name: string };
      Post: { id: number; title: string };
    }",
        "path": """",
        "prefix": """",
      },
      "position": {
        "end": {
          "character": 31,
          "line": 20,
        },
        "start": {
          "character": 23,
          "line": 20,
        },
      },
      "step": 22,
      "type": "generic_call",
    },
    "startFrame": 630,
    "stepIndex": 21,
  },
  {
    "color": "#8B5CF6",
    "duration": 30,
    "endFrame": 690,
    "highlightLines": {
      "chars": {
        "end": 76,
        "start": 4,
      },
      "end": 6,
      "start": 6,
    },
    "isHighlight": true,
    "original": {
      "currentUnionMember": undefined,
      "currentUnionResults": undefined,
      "expression": "type keyOf<o> = {[k in keyof o]: k extends string ? k : never}[keyof o];",
      "level": 5,
      "parameters": {
        "o": "{
      User: { id: number; name: string };
      Post: { id: number; title: string };
    }",
      },
      "position": {
        "end": {
          "character": 76,
          "line": 7,
        },
        "start": {
          "character": 4,
          "line": 7,
        },
      },
      "step": 23,
      "type": "generic_def",
    },
    "startFrame": 660,
    "stepIndex": 22,
  },
  {
    "color": "#06B6D4",
    "duration": 30,
    "endFrame": 720,
    "highlightLines": {
      "chars": {
        "end": 75,
        "start": 20,
      },
      "end": 6,
      "start": 6,
    },
    "isHighlight": true,
    "original": {
      "currentUnionMember": undefined,
      "currentUnionResults": undefined,
      "expression": "{[k in keyof o]: k extends string ? k : never}[keyof o]",
      "level": 6,
      "parameters": {
        "o": "{
      User: { id: number; name: string };
      Post: { id: number; title: string };
    }",
        "path": """",
        "prefix": """",
      },
      "position": {
        "end": {
          "character": 75,
          "line": 7,
        },
        "start": {
          "character": 20,
          "line": 7,
        },
      },
      "step": 24,
      "type": "indexed_access",
    },
    "startFrame": 690,
    "stepIndex": 23,
  },
  {
    "color": "#8B5CF6",
    "duration": 30,
    "endFrame": 750,
    "highlightLines": {
      "chars": {
        "end": 66,
        "start": 20,
      },
      "end": 6,
      "start": 6,
    },
    "isHighlight": true,
    "original": {
      "currentUnionMember": undefined,
      "currentUnionResults": undefined,
      "expression": "{[k in keyof o]: k extends string ? k : never}",
      "level": 7,
      "parameters": {
        "o": "{
      User: { id: number; name: string };
      Post: { id: number; title: string };
    }",
        "path": """",
        "prefix": """",
      },
      "position": {
        "end": {
          "character": 66,
          "line": 7,
        },
        "start": {
          "character": 20,
          "line": 7,
        },
      },
      "step": 25,
      "type": "mapped_type_start",
    },
    "startFrame": 720,
    "stepIndex": 24,
  },
  {
    "color": "#F59E0B",
    "duration": 30,
    "endFrame": 780,
    "highlightLines": {
      "chars": {
        "end": 34,
        "start": 27,
      },
      "end": 6,
      "start": 6,
    },
    "isHighlight": true,
    "original": {
      "currentUnionMember": undefined,
      "currentUnionResults": undefined,
      "expression": "k in keyof o",
      "level": 7,
      "parameters": {
        "o": "{
      User: { id: number; name: string };
      Post: { id: number; title: string };
    }",
        "path": """",
        "prefix": """",
      },
      "position": {
        "end": {
          "character": 34,
          "line": 7,
        },
        "start": {
          "character": 27,
          "line": 7,
        },
      },
      "step": 26,
      "type": "mapped_type_constraint",
    },
    "startFrame": 750,
    "stepIndex": 25,
  },
  {
    "color": "#F59E0B",
    "duration": 30,
    "endFrame": 810,
    "highlightLines": {
      "chars": {
        "end": 66,
        "start": 20,
      },
      "end": 6,
      "start": 6,
    },
    "isHighlight": true,
    "original": {
      "currentUnionMember": undefined,
      "currentUnionResults": undefined,
      "expression": "k in ("User" | "Post")",
      "level": 7,
      "parameters": {
        "o": "{
      User: { id: number; name: string };
      Post: { id: number; title: string };
    }",
        "path": """",
        "prefix": """",
      },
      "position": {
        "end": {
          "character": 66,
          "line": 7,
        },
        "start": {
          "character": 20,
          "line": 7,
        },
      },
      "result": ""User" | "Post"",
      "step": 27,
      "type": "mapped_type_constraint_result",
    },
    "startFrame": 780,
    "stepIndex": 26,
  },
  {
    "color": "#3B82F6",
    "duration": 30,
    "endFrame": 840,
    "highlightLines": {
      "chars": {
        "end": 34,
        "start": 22,
      },
      "end": 6,
      "start": 6,
    },
    "isHighlight": true,
    "original": {
      "currentUnionMember": undefined,
      "currentUnionResults": undefined,
      "expression": "k = "User"",
      "level": 7,
      "parameters": {
        "k": ""User"",
        "o": "{
      User: { id: number; name: string };
      Post: { id: number; title: string };
    }",
        "path": """",
        "prefix": """",
      },
      "position": {
        "end": {
          "character": 34,
          "line": 7,
        },
        "start": {
          "character": 22,
          "line": 7,
        },
      },
      "step": 28,
      "type": "map_iteration",
    },
    "startFrame": 810,
    "stepIndex": 27,
  },
  {
    "color": "#F59E0B",
    "duration": 30,
    "endFrame": 870,
    "highlightLines": {
      "chars": {
        "end": 65,
        "start": 37,
      },
      "end": 6,
      "start": 6,
    },
    "isHighlight": true,
    "original": {
      "currentUnionMember": undefined,
      "currentUnionResults": undefined,
      "expression": "k extends string ? k : never",
      "level": 8,
      "parameters": {
        "k": ""User"",
        "o": "{
      User: { id: number; name: string };
      Post: { id: number; title: string };
    }",
        "path": """",
        "prefix": """",
      },
      "position": {
        "end": {
          "character": 65,
          "line": 7,
        },
        "start": {
          "character": 37,
          "line": 7,
        },
      },
      "step": 29,
      "type": "condition",
    },
    "startFrame": 840,
    "stepIndex": 28,
  },
  {
    "color": "#EC4899",
    "duration": 30,
    "endFrame": 900,
    "highlightLines": {
      "chars": {
        "end": 38,
        "start": 37,
      },
      "end": 6,
      "start": 6,
    },
    "isHighlight": true,
    "original": {
      "currentUnionMember": undefined,
      "currentUnionResults": undefined,
      "expression": "k",
      "level": 9,
      "parameters": {
        "k": ""User"",
        "o": "{
      User: { id: number; name: string };
      Post: { id: number; title: string };
    }",
        "path": """",
        "prefix": """",
      },
      "position": {
        "end": {
          "character": 38,
          "line": 7,
        },
        "start": {
          "character": 37,
          "line": 7,
        },
      },
      "step": 30,
      "type": "conditional_evaluate_left",
    },
    "startFrame": 870,
    "stepIndex": 29,
  },
  {
    "color": "#EC4899",
    "duration": 30,
    "endFrame": 930,
    "highlightLines": {
      "chars": {
        "end": 53,
        "start": 47,
      },
      "end": 6,
      "start": 6,
    },
    "isHighlight": true,
    "original": {
      "currentUnionMember": undefined,
      "currentUnionResults": undefined,
      "expression": "string",
      "level": 9,
      "parameters": {
        "k": ""User"",
        "o": "{
      User: { id: number; name: string };
      Post: { id: number; title: string };
    }",
        "path": """",
        "prefix": """",
      },
      "position": {
        "end": {
          "character": 53,
          "line": 7,
        },
        "start": {
          "character": 47,
          "line": 7,
        },
      },
      "step": 31,
      "type": "conditional_evaluate_right",
    },
    "startFrame": 900,
    "stepIndex": 30,
  },
  {
    "color": "#F59E0B",
    "duration": 30,
    "endFrame": 960,
    "highlightLines": {
      "chars": {
        "end": 53,
        "start": 37,
      },
      "end": 6,
      "start": 6,
    },
    "isHighlight": true,
    "original": {
      "currentUnionMember": undefined,
      "currentUnionResults": undefined,
      "expression": "k extends string",
      "level": 8,
      "parameters": {
        "k": ""User"",
        "o": "{
      User: { id: number; name: string };
      Post: { id: number; title: string };
    }",
        "path": """",
        "prefix": """",
      },
      "position": {
        "end": {
          "character": 53,
          "line": 7,
        },
        "start": {
          "character": 37,
          "line": 7,
        },
      },
      "step": 32,
      "type": "conditional_comparison",
    },
    "startFrame": 930,
    "stepIndex": 31,
  },
  {
    "color": "#F59E0B",
    "duration": 30,
    "endFrame": 990,
    "highlightLines": {
      "chars": {
        "end": 57,
        "start": 56,
      },
      "end": 6,
      "start": 6,
    },
    "isHighlight": true,
    "original": {
      "currentUnionMember": undefined,
      "currentUnionResults": undefined,
      "expression": "true",
      "level": 8,
      "parameters": {
        "k": ""User"",
        "o": "{
      User: { id: number; name: string };
      Post: { id: number; title: string };
    }",
        "path": """",
        "prefix": """",
      },
      "position": {
        "end": {
          "character": 57,
          "line": 7,
        },
        "start": {
          "character": 56,
          "line": 7,
        },
      },
      "result": "true",
      "step": 33,
      "type": "conditional_evaluation",
    },
    "startFrame": 960,
    "stepIndex": 32,
  },
  {
    "color": "#10B981",
    "duration": 30,
    "endFrame": 1020,
    "highlightLines": {
      "chars": {
        "end": 57,
        "start": 56,
      },
      "end": 6,
      "start": 6,
    },
    "isHighlight": true,
    "original": {
      "currentUnionMember": undefined,
      "currentUnionResults": undefined,
      "expression": "k",
      "level": 8,
      "parameters": {
        "k": ""User"",
        "o": "{
      User: { id: number; name: string };
      Post: { id: number; title: string };
    }",
        "path": """",
        "prefix": """",
      },
      "position": {
        "end": {
          "character": 57,
          "line": 7,
        },
        "start": {
          "character": 56,
          "line": 7,
        },
      },
      "step": 34,
      "type": "branch_true",
    },
    "startFrame": 990,
    "stepIndex": 33,
  },
  {
    "color": "#3B82F6",
    "duration": 30,
    "endFrame": 1050,
    "highlightLines": {
      "chars": {
        "end": 34,
        "start": 22,
      },
      "end": 6,
      "start": 6,
    },
    "isHighlight": true,
    "original": {
      "currentUnionMember": undefined,
      "currentUnionResults": undefined,
      "expression": "k = "Post"",
      "level": 7,
      "parameters": {
        "k": ""Post"",
        "o": "{
      User: { id: number; name: string };
      Post: { id: number; title: string };
    }",
        "path": """",
        "prefix": """",
      },
      "position": {
        "end": {
          "character": 34,
          "line": 7,
        },
        "start": {
          "character": 22,
          "line": 7,
        },
      },
      "step": 35,
      "type": "map_iteration",
    },
    "startFrame": 1020,
    "stepIndex": 34,
  },
  {
    "color": "#F59E0B",
    "duration": 30,
    "endFrame": 1080,
    "highlightLines": {
      "chars": {
        "end": 65,
        "start": 37,
      },
      "end": 6,
      "start": 6,
    },
    "isHighlight": true,
    "original": {
      "currentUnionMember": undefined,
      "currentUnionResults": undefined,
      "expression": "k extends string ? k : never",
      "level": 8,
      "parameters": {
        "k": ""Post"",
        "o": "{
      User: { id: number; name: string };
      Post: { id: number; title: string };
    }",
        "path": """",
        "prefix": """",
      },
      "position": {
        "end": {
          "character": 65,
          "line": 7,
        },
        "start": {
          "character": 37,
          "line": 7,
        },
      },
      "step": 36,
      "type": "condition",
    },
    "startFrame": 1050,
    "stepIndex": 35,
  },
  {
    "color": "#EC4899",
    "duration": 30,
    "endFrame": 1110,
    "highlightLines": {
      "chars": {
        "end": 38,
        "start": 37,
      },
      "end": 6,
      "start": 6,
    },
    "isHighlight": true,
    "original": {
      "currentUnionMember": undefined,
      "currentUnionResults": undefined,
      "expression": "k",
      "level": 9,
      "parameters": {
        "k": ""Post"",
        "o": "{
      User: { id: number; name: string };
      Post: { id: number; title: string };
    }",
        "path": """",
        "prefix": """",
      },
      "position": {
        "end": {
          "character": 38,
          "line": 7,
        },
        "start": {
          "character": 37,
          "line": 7,
        },
      },
      "step": 37,
      "type": "conditional_evaluate_left",
    },
    "startFrame": 1080,
    "stepIndex": 36,
  },
  {
    "color": "#EC4899",
    "duration": 30,
    "endFrame": 1140,
    "highlightLines": {
      "chars": {
        "end": 53,
        "start": 47,
      },
      "end": 6,
      "start": 6,
    },
    "isHighlight": true,
    "original": {
      "currentUnionMember": undefined,
      "currentUnionResults": undefined,
      "expression": "string",
      "level": 9,
      "parameters": {
        "k": ""Post"",
        "o": "{
      User: { id: number; name: string };
      Post: { id: number; title: string };
    }",
        "path": """",
        "prefix": """",
      },
      "position": {
        "end": {
          "character": 53,
          "line": 7,
        },
        "start": {
          "character": 47,
          "line": 7,
        },
      },
      "step": 38,
      "type": "conditional_evaluate_right",
    },
    "startFrame": 1110,
    "stepIndex": 37,
  },
  {
    "color": "#F59E0B",
    "duration": 30,
    "endFrame": 1170,
    "highlightLines": {
      "chars": {
        "end": 53,
        "start": 37,
      },
      "end": 6,
      "start": 6,
    },
    "isHighlight": true,
    "original": {
      "currentUnionMember": undefined,
      "currentUnionResults": undefined,
      "expression": "k extends string",
      "level": 8,
      "parameters": {
        "k": ""Post"",
        "o": "{
      User: { id: number; name: string };
      Post: { id: number; title: string };
    }",
        "path": """",
        "prefix": """",
      },
      "position": {
        "end": {
          "character": 53,
          "line": 7,
        },
        "start": {
          "character": 37,
          "line": 7,
        },
      },
      "step": 39,
      "type": "conditional_comparison",
    },
    "startFrame": 1140,
    "stepIndex": 38,
  },
  {
    "color": "#F59E0B",
    "duration": 30,
    "endFrame": 1200,
    "highlightLines": {
      "chars": {
        "end": 57,
        "start": 56,
      },
      "end": 6,
      "start": 6,
    },
    "isHighlight": true,
    "original": {
      "currentUnionMember": undefined,
      "currentUnionResults": undefined,
      "expression": "true",
      "level": 8,
      "parameters": {
        "k": ""Post"",
        "o": "{
      User: { id: number; name: string };
      Post: { id: number; title: string };
    }",
        "path": """",
        "prefix": """",
      },
      "position": {
        "end": {
          "character": 57,
          "line": 7,
        },
        "start": {
          "character": 56,
          "line": 7,
        },
      },
      "result": "true",
      "step": 40,
      "type": "conditional_evaluation",
    },
    "startFrame": 1170,
    "stepIndex": 39,
  },
  {
    "color": "#10B981",
    "duration": 30,
    "endFrame": 1230,
    "highlightLines": {
      "chars": {
        "end": 57,
        "start": 56,
      },
      "end": 6,
      "start": 6,
    },
    "isHighlight": true,
    "original": {
      "currentUnionMember": undefined,
      "currentUnionResults": undefined,
      "expression": "k",
      "level": 8,
      "parameters": {
        "k": ""Post"",
        "o": "{
      User: { id: number; name: string };
      Post: { id: number; title: string };
    }",
        "path": """",
        "prefix": """",
      },
      "position": {
        "end": {
          "character": 57,
          "line": 7,
        },
        "start": {
          "character": 56,
          "line": 7,
        },
      },
      "step": 41,
      "type": "branch_true",
    },
    "startFrame": 1200,
    "stepIndex": 40,
  },
  {
    "color": "#10B981",
    "duration": 30,
    "endFrame": 1260,
    "highlightLines": {
      "chars": {
        "end": 66,
        "start": 20,
      },
      "end": 6,
      "start": 6,
    },
    "isHighlight": true,
    "original": {
      "currentUnionMember": undefined,
      "currentUnionResults": undefined,
      "expression": "Constructed object: {"\\"User\\"":"\\"User\\"","\\"Post\\"":"\\"Post\\""}",
      "level": 7,
      "parameters": {
        "o": "{
      User: { id: number; name: string };
      Post: { id: number; title: string };
    }",
        "path": """",
        "prefix": """",
      },
      "position": {
        "end": {
          "character": 66,
          "line": 7,
        },
        "start": {
          "character": 20,
          "line": 7,
        },
      },
      "result": "{"\\"User\\"":"\\"User\\"","\\"Post\\"":"\\"Post\\""}",
      "step": 42,
      "type": "mapped_type_result",
    },
    "startFrame": 1230,
    "stepIndex": 41,
  },
  {
    "color": "#8B5CF6",
    "duration": 30,
    "endFrame": 1290,
    "highlightLines": {
      "chars": {
        "end": 66,
        "start": 20,
      },
      "end": 6,
      "start": 6,
    },
    "isHighlight": true,
    "original": {
      "currentUnionMember": undefined,
      "currentUnionResults": undefined,
      "expression": "mapped type union: "User" | "Post"",
      "level": 7,
      "parameters": {
        "o": "{
      User: { id: number; name: string };
      Post: { id: number; title: string };
    }",
        "path": """",
        "prefix": """",
      },
      "position": {
        "end": {
          "character": 66,
          "line": 7,
        },
        "start": {
          "character": 20,
          "line": 7,
        },
      },
      "result": ""User" | "Post"",
      "step": 43,
      "type": "mapped_type_end",
    },
    "startFrame": 1260,
    "stepIndex": 42,
  },
  {
    "color": "#10B981",
    "duration": 30,
    "endFrame": 1320,
    "highlightLines": {
      "chars": {
        "end": 75,
        "start": 20,
      },
      "end": 6,
      "start": 6,
    },
    "isHighlight": true,
    "original": {
      "currentUnionMember": undefined,
      "currentUnionResults": undefined,
      "expression": "Extracted: "User" | "Post"",
      "level": 6,
      "parameters": {
        "o": "{
      User: { id: number; name: string };
      Post: { id: number; title: string };
    }",
        "path": """",
        "prefix": """",
      },
      "position": {
        "end": {
          "character": 75,
          "line": 7,
        },
        "start": {
          "character": 20,
          "line": 7,
        },
      },
      "result": ""User" | "Post"",
      "step": 44,
      "type": "indexed_access_result",
    },
    "startFrame": 1290,
    "stepIndex": 43,
  },
  {
    "color": "#10B981",
    "duration": 30,
    "endFrame": 1350,
    "highlightLines": {
      "chars": {
        "end": 76,
        "start": 4,
      },
      "end": 6,
      "start": 6,
    },
    "isHighlight": true,
    "original": {
      "currentUnionMember": undefined,
      "currentUnionResults": undefined,
      "expression": "keyOf => "User" | "Post"",
      "level": 5,
      "parameters": {
        "o": "{
      User: { id: number; name: string };
      Post: { id: number; title: string };
    }",
      },
      "position": {
        "end": {
          "character": 76,
          "line": 7,
        },
        "start": {
          "character": 4,
          "line": 7,
        },
      },
      "result": ""User" | "Post"",
      "step": 45,
      "type": "generic_result",
    },
    "startFrame": 1320,
    "stepIndex": 44,
  },
  {
    "color": "#F59E0B",
    "duration": 30,
    "endFrame": 1380,
    "highlightLines": {
      "chars": {
        "end": 31,
        "start": 10,
      },
      "end": 19,
      "start": 19,
    },
    "isHighlight": true,
    "original": {
      "currentUnionMember": undefined,
      "currentUnionResults": undefined,
      "expression": "path extends keyOf<o>",
      "level": 4,
      "parameters": {
        "o": "{
      User: { id: number; name: string };
      Post: { id: number; title: string };
    }",
        "path": """",
        "prefix": """",
      },
      "position": {
        "end": {
          "character": 31,
          "line": 20,
        },
        "start": {
          "character": 10,
          "line": 20,
        },
      },
      "step": 46,
      "type": "conditional_comparison",
    },
    "startFrame": 1350,
    "stepIndex": 45,
  },
  {
    "color": "#F59E0B",
    "duration": 30,
    "endFrame": 1410,
    "highlightLines": {
      "chars": {
        "end": 17,
        "start": 12,
      },
      "end": 23,
      "start": 23,
    },
    "isHighlight": true,
    "original": {
      "currentUnionMember": undefined,
      "currentUnionResults": undefined,
      "expression": "false",
      "level": 4,
      "parameters": {
        "o": "{
      User: { id: number; name: string };
      Post: { id: number; title: string };
    }",
        "path": """",
        "prefix": """",
      },
      "position": {
        "end": {
          "character": 17,
          "line": 24,
        },
        "start": {
          "character": 12,
          "line": 24,
        },
      },
      "result": "false",
      "step": 47,
      "type": "conditional_evaluation",
    },
    "startFrame": 1380,
    "stepIndex": 46,
  },
  {
    "color": "#EF4444",
    "duration": 30,
    "endFrame": 1440,
    "highlightLines": {
      "chars": {
        "end": 17,
        "start": 12,
      },
      "end": 23,
      "start": 23,
    },
    "isHighlight": true,
    "original": {
      "currentUnionMember": undefined,
      "currentUnionResults": undefined,
      "expression": "never",
      "level": 4,
      "parameters": {
        "o": "{
      User: { id: number; name: string };
      Post: { id: number; title: string };
    }",
        "path": """",
        "prefix": """",
      },
      "position": {
        "end": {
          "character": 17,
          "line": 24,
        },
        "start": {
          "character": 12,
          "line": 24,
        },
      },
      "step": 48,
      "type": "branch_false",
    },
    "startFrame": 1410,
    "stepIndex": 47,
  },
  {
    "color": "#10B981",
    "duration": 30,
    "endFrame": 1470,
    "highlightLines": {
      "end": 23,
      "start": 14,
    },
    "isHighlight": true,
    "original": {
      "currentUnionMember": undefined,
      "currentUnionResults": undefined,
      "expression": "validateLeafPath => never",
      "level": 2,
      "parameters": {
        "o": "{
      User: { id: number; name: string };
      Post: { id: number; title: string };
    }",
        "path": """",
        "prefix": """",
      },
      "position": {
        "end": {
          "character": 18,
          "line": 24,
        },
        "start": {
          "character": 4,
          "line": 15,
        },
      },
      "result": "never",
      "step": 49,
      "type": "generic_result",
    },
    "startFrame": 1440,
    "stepIndex": 48,
  },
  {
    "color": "#F59E0B",
    "duration": 30,
    "endFrame": 1500,
    "highlightLines": {
      "chars": {
        "end": 82,
        "start": 39,
      },
      "end": 24,
      "start": 24,
    },
    "isHighlight": true,
    "original": {
      "currentUnionMember": undefined,
      "currentUnionResults": undefined,
      "expression": "path extends validateLeafPath<tables, path>",
      "level": 1,
      "parameters": {
        "path": """",
      },
      "position": {
        "end": {
          "character": 82,
          "line": 25,
        },
        "start": {
          "character": 39,
          "line": 25,
        },
      },
      "step": 50,
      "type": "conditional_comparison",
    },
    "startFrame": 1470,
    "stepIndex": 49,
  },
  {
    "color": "#F59E0B",
    "duration": 30,
    "endFrame": 1530,
    "highlightLines": {
      "chars": {
        "end": 38,
        "start": 8,
      },
      "end": 26,
      "start": 26,
    },
    "isHighlight": true,
    "original": {
      "currentUnionMember": undefined,
      "currentUnionResults": undefined,
      "expression": "false",
      "level": 1,
      "parameters": {
        "path": """",
      },
      "position": {
        "end": {
          "character": 38,
          "line": 27,
        },
        "start": {
          "character": 8,
          "line": 27,
        },
      },
      "result": "false",
      "step": 51,
      "type": "conditional_evaluation",
    },
    "startFrame": 1500,
    "stepIndex": 50,
  },
  {
    "color": "#EF4444",
    "duration": 30,
    "endFrame": 1560,
    "highlightLines": {
      "chars": {
        "end": 38,
        "start": 8,
      },
      "end": 26,
      "start": 26,
    },
    "isHighlight": true,
    "original": {
      "currentUnionMember": undefined,
      "currentUnionResults": undefined,
      "expression": "validateLeafPath<tables, path>",
      "level": 1,
      "parameters": {
        "path": """",
      },
      "position": {
        "end": {
          "character": 38,
          "line": 27,
        },
        "start": {
          "character": 8,
          "line": 27,
        },
      },
      "step": 52,
      "type": "branch_false",
    },
    "startFrame": 1530,
    "stepIndex": 51,
  },
  {
    "color": "#3B82F6",
    "duration": 30,
    "endFrame": 1590,
    "highlightLines": {
      "chars": {
        "end": 31,
        "start": 25,
      },
      "end": 26,
      "start": 26,
    },
    "isHighlight": true,
    "original": {
      "args": {},
      "currentUnionMember": undefined,
      "currentUnionResults": undefined,
      "expression": "tables<>",
      "level": 3,
      "parameters": {
        "path": """",
      },
      "position": {
        "end": {
          "character": 31,
          "line": 27,
        },
        "start": {
          "character": 25,
          "line": 27,
        },
      },
      "step": 53,
      "type": "generic_call",
    },
    "startFrame": 1560,
    "stepIndex": 52,
  },
  {
    "color": "#6366F1",
    "duration": 30,
    "endFrame": 1620,
    "highlightLines": {
      "end": 5,
      "start": 2,
    },
    "isHighlight": true,
    "original": {
      "currentUnionMember": undefined,
      "currentUnionResults": undefined,
      "expression": "tables = {
      User: { id: number; name: string };
      Post: { id: number; title: string };
    }",
      "level": 3,
      "parameters": {
        "path": """",
      },
      "position": {
        "end": {
          "character": 6,
          "line": 6,
        },
        "start": {
          "character": 4,
          "line": 3,
        },
      },
      "step": 54,
      "type": "alias_reference",
    },
    "startFrame": 1590,
    "stepIndex": 53,
  },
  {
    "color": "#3B82F6",
    "duration": 30,
    "endFrame": 1650,
    "highlightLines": {
      "chars": {
        "end": 38,
        "start": 8,
      },
      "end": 26,
      "start": 26,
    },
    "isHighlight": true,
    "original": {
      "args": {
        "arg0": "{
      User: { id: number; name: string };
      Post: { id: number; title: string };
    }",
        "arg1": """",
      },
      "currentUnionMember": undefined,
      "currentUnionResults": undefined,
      "expression": "validateLeafPath<{
      User: { id: number; name: string };
      Post: { id: number; title: string };
    }, "">",
      "level": 2,
      "parameters": {
        "path": """",
      },
      "position": {
        "end": {
          "character": 38,
          "line": 27,
        },
        "start": {
          "character": 8,
          "line": 27,
        },
      },
      "step": 55,
      "type": "generic_call",
    },
    "startFrame": 1620,
    "stepIndex": 54,
  },
  {
    "color": "#8B5CF6",
    "duration": 30,
    "endFrame": 1680,
    "highlightLines": {
      "end": 23,
      "start": 14,
    },
    "isHighlight": true,
    "original": {
      "currentUnionMember": undefined,
      "currentUnionResults": undefined,
      "expression": "type validateLeafPath<o, path extends string, prefix extends string = ""> =
      path extends \`\${infer head}.\${infer tail}\`
        ? head extends keyOf<o>
          ? validateLeafPath<getKey<o, head>, tail, \`\${prefix}\${head}.\`>
          : never
        : path extends keyOf<o>
          ? isLeaf<getKey<o, path>> extends true
            ? \`\${prefix}\${path}\`
            : never
          : never;",
      "level": 2,
      "parameters": {
        "o": "{
      User: { id: number; name: string };
      Post: { id: number; title: string };
    }",
        "path": """",
        "prefix": """",
      },
      "position": {
        "end": {
          "character": 18,
          "line": 24,
        },
        "start": {
          "character": 4,
          "line": 15,
        },
      },
      "step": 56,
      "type": "generic_def",
    },
    "startFrame": 1650,
    "stepIndex": 55,
  },
  {
    "color": "#F59E0B",
    "duration": 30,
    "endFrame": 1710,
    "highlightLines": {
      "end": 23,
      "start": 15,
    },
    "isHighlight": true,
    "original": {
      "currentUnionMember": undefined,
      "currentUnionResults": undefined,
      "expression": "path extends \`\${infer head}.\${infer tail}\` ? head extends keyOf<o>
          ? validateLeafPath<getKey<o, head>, tail, \`\${prefix}\${head}.\`>
          : never : path extends keyOf<o>
          ? isLeaf<getKey<o, path>> extends true
            ? \`\${prefix}\${path}\`
            : never
          : never",
      "level": 3,
      "parameters": {
        "o": "{
      User: { id: number; name: string };
      Post: { id: number; title: string };
    }",
        "path": """",
        "prefix": """",
      },
      "position": {
        "end": {
          "character": 17,
          "line": 24,
        },
        "start": {
          "character": 6,
          "line": 16,
        },
      },
      "step": 57,
      "type": "condition",
    },
    "startFrame": 1680,
    "stepIndex": 56,
  },
  {
    "color": "#9333EA",
    "duration": 30,
    "endFrame": 1740,
    "highlightLines": {
      "chars": {
        "end": 48,
        "start": 19,
      },
      "end": 15,
      "start": 15,
    },
    "isHighlight": true,
    "original": {
      "currentUnionMember": undefined,
      "currentUnionResults": undefined,
      "expression": "Pattern: \`\${infer head}.\${infer tail}\`",
      "level": 3,
      "parameters": {
        "o": "{
      User: { id: number; name: string };
      Post: { id: number; title: string };
    }",
        "path": """",
        "prefix": """",
      },
      "position": {
        "end": {
          "character": 48,
          "line": 16,
        },
        "start": {
          "character": 19,
          "line": 16,
        },
      },
      "step": 58,
      "type": "infer_pattern_start",
    },
    "startFrame": 1710,
    "stepIndex": 57,
  },
  {
    "color": "#22C55E",
    "duration": 30,
    "endFrame": 1770,
    "highlightLines": {
      "chars": {
        "end": 48,
        "start": 19,
      },
      "end": 15,
      "start": 15,
    },
    "isHighlight": true,
    "original": {
      "currentUnionMember": undefined,
      "currentUnionResults": undefined,
      "expression": """ does not match \`\${infer head}.\${infer tail}\`",
      "level": 3,
      "parameters": {
        "o": "{
      User: { id: number; name: string };
      Post: { id: number; title: string };
    }",
        "path": """",
        "prefix": """",
      },
      "position": {
        "end": {
          "character": 48,
          "line": 16,
        },
        "start": {
          "character": 19,
          "line": 16,
        },
      },
      "result": "false",
      "step": 59,
      "type": "infer_pattern_match",
    },
    "startFrame": 1740,
    "stepIndex": 58,
  },
  {
    "color": "#EC4899",
    "duration": 30,
    "endFrame": 1800,
    "highlightLines": {
      "chars": {
        "end": 10,
        "start": 6,
      },
      "end": 15,
      "start": 15,
    },
    "isHighlight": true,
    "original": {
      "currentUnionMember": undefined,
      "currentUnionResults": undefined,
      "expression": "path",
      "level": 4,
      "parameters": {
        "o": "{
      User: { id: number; name: string };
      Post: { id: number; title: string };
    }",
        "path": """",
        "prefix": """",
      },
      "position": {
        "end": {
          "character": 10,
          "line": 16,
        },
        "start": {
          "character": 6,
          "line": 16,
        },
      },
      "step": 60,
      "type": "conditional_evaluate_left",
    },
    "startFrame": 1770,
    "stepIndex": 59,
  },
  {
    "color": "#EC4899",
    "duration": 30,
    "endFrame": 1830,
    "highlightLines": {
      "chars": {
        "end": 48,
        "start": 19,
      },
      "end": 15,
      "start": 15,
    },
    "isHighlight": true,
    "original": {
      "currentUnionMember": undefined,
      "currentUnionResults": undefined,
      "expression": "\`\${infer head}.\${infer tail}\`",
      "level": 4,
      "parameters": {
        "o": "{
      User: { id: number; name: string };
      Post: { id: number; title: string };
    }",
        "path": """",
        "prefix": """",
      },
      "position": {
        "end": {
          "character": 48,
          "line": 16,
        },
        "start": {
          "character": 19,
          "line": 16,
        },
      },
      "step": 61,
      "type": "conditional_evaluate_right",
    },
    "startFrame": 1800,
    "stepIndex": 60,
  },
  {
    "color": "#F59E0B",
    "duration": 30,
    "endFrame": 1860,
    "highlightLines": {
      "chars": {
        "end": 48,
        "start": 6,
      },
      "end": 15,
      "start": 15,
    },
    "isHighlight": true,
    "original": {
      "currentUnionMember": undefined,
      "currentUnionResults": undefined,
      "expression": "path extends \`\${infer head}.\${infer tail}\`",
      "level": 3,
      "parameters": {
        "o": "{
      User: { id: number; name: string };
      Post: { id: number; title: string };
    }",
        "path": """",
        "prefix": """",
      },
      "position": {
        "end": {
          "character": 48,
          "line": 16,
        },
        "start": {
          "character": 6,
          "line": 16,
        },
      },
      "step": 62,
      "type": "conditional_comparison",
    },
    "startFrame": 1830,
    "stepIndex": 61,
  },
  {
    "color": "#F59E0B",
    "duration": 30,
    "endFrame": 1890,
    "highlightLines": {
      "end": 23,
      "start": 19,
    },
    "isHighlight": true,
    "original": {
      "currentUnionMember": undefined,
      "currentUnionResults": undefined,
      "expression": "false",
      "level": 3,
      "parameters": {
        "o": "{
      User: { id: number; name: string };
      Post: { id: number; title: string };
    }",
        "path": """",
        "prefix": """",
      },
      "position": {
        "end": {
          "character": 17,
          "line": 24,
        },
        "start": {
          "character": 10,
          "line": 20,
        },
      },
      "result": "false",
      "step": 63,
      "type": "conditional_evaluation",
    },
    "startFrame": 1860,
    "stepIndex": 62,
  },
  {
    "color": "#EF4444",
    "duration": 30,
    "endFrame": 1920,
    "highlightLines": {
      "end": 23,
      "start": 19,
    },
    "isHighlight": true,
    "original": {
      "currentUnionMember": undefined,
      "currentUnionResults": undefined,
      "expression": "path extends keyOf<o>
          ? isLeaf<getKey<o, path>> extends true
            ? \`\${prefix}\${path}\`
            : never
          : never",
      "level": 3,
      "parameters": {
        "o": "{
      User: { id: number; name: string };
      Post: { id: number; title: string };
    }",
        "path": """",
        "prefix": """",
      },
      "position": {
        "end": {
          "character": 17,
          "line": 24,
        },
        "start": {
          "character": 10,
          "line": 20,
        },
      },
      "step": 64,
      "type": "branch_false",
    },
    "startFrame": 1890,
    "stepIndex": 63,
  },
  {
    "color": "#F59E0B",
    "duration": 30,
    "endFrame": 1950,
    "highlightLines": {
      "end": 23,
      "start": 19,
    },
    "isHighlight": true,
    "original": {
      "currentUnionMember": undefined,
      "currentUnionResults": undefined,
      "expression": "path extends keyOf<o> ? isLeaf<getKey<o, path>> extends true
            ? \`\${prefix}\${path}\`
            : never : never",
      "level": 4,
      "parameters": {
        "o": "{
      User: { id: number; name: string };
      Post: { id: number; title: string };
    }",
        "path": """",
        "prefix": """",
      },
      "position": {
        "end": {
          "character": 17,
          "line": 24,
        },
        "start": {
          "character": 10,
          "line": 20,
        },
      },
      "step": 65,
      "type": "condition",
    },
    "startFrame": 1920,
    "stepIndex": 64,
  },
  {
    "color": "#EC4899",
    "duration": 30,
    "endFrame": 1980,
    "highlightLines": {
      "chars": {
        "end": 14,
        "start": 10,
      },
      "end": 19,
      "start": 19,
    },
    "isHighlight": true,
    "original": {
      "currentUnionMember": undefined,
      "currentUnionResults": undefined,
      "expression": "path",
      "level": 5,
      "parameters": {
        "o": "{
      User: { id: number; name: string };
      Post: { id: number; title: string };
    }",
        "path": """",
        "prefix": """",
      },
      "position": {
        "end": {
          "character": 14,
          "line": 20,
        },
        "start": {
          "character": 10,
          "line": 20,
        },
      },
      "step": 66,
      "type": "conditional_evaluate_left",
    },
    "startFrame": 1950,
    "stepIndex": 65,
  },
  {
    "color": "#EC4899",
    "duration": 30,
    "endFrame": 2010,
    "highlightLines": {
      "chars": {
        "end": 31,
        "start": 23,
      },
      "end": 19,
      "start": 19,
    },
    "isHighlight": true,
    "original": {
      "currentUnionMember": undefined,
      "currentUnionResults": undefined,
      "expression": "keyOf<o>",
      "level": 5,
      "parameters": {
        "o": "{
      User: { id: number; name: string };
      Post: { id: number; title: string };
    }",
        "path": """",
        "prefix": """",
      },
      "position": {
        "end": {
          "character": 31,
          "line": 20,
        },
        "start": {
          "character": 23,
          "line": 20,
        },
      },
      "step": 67,
      "type": "conditional_evaluate_right",
    },
    "startFrame": 1980,
    "stepIndex": 66,
  },
  {
    "color": "#3B82F6",
    "duration": 30,
    "endFrame": 2040,
    "highlightLines": {
      "chars": {
        "end": 31,
        "start": 23,
      },
      "end": 19,
      "start": 19,
    },
    "isHighlight": true,
    "original": {
      "args": {
        "arg0": "{
      User: { id: number; name: string };
      Post: { id: number; title: string };
    }",
      },
      "currentUnionMember": undefined,
      "currentUnionResults": undefined,
      "expression": "keyOf<{
      User: { id: number; name: string };
      Post: { id: number; title: string };
    }>",
      "level": 5,
      "parameters": {
        "o": "{
      User: { id: number; name: string };
      Post: { id: number; title: string };
    }",
        "path": """",
        "prefix": """",
      },
      "position": {
        "end": {
          "character": 31,
          "line": 20,
        },
        "start": {
          "character": 23,
          "line": 20,
        },
      },
      "step": 68,
      "type": "generic_call",
    },
    "startFrame": 2010,
    "stepIndex": 67,
  },
  {
    "color": "#8B5CF6",
    "duration": 30,
    "endFrame": 2070,
    "highlightLines": {
      "chars": {
        "end": 76,
        "start": 4,
      },
      "end": 6,
      "start": 6,
    },
    "isHighlight": true,
    "original": {
      "currentUnionMember": undefined,
      "currentUnionResults": undefined,
      "expression": "type keyOf<o> = {[k in keyof o]: k extends string ? k : never}[keyof o];",
      "level": 5,
      "parameters": {
        "o": "{
      User: { id: number; name: string };
      Post: { id: number; title: string };
    }",
      },
      "position": {
        "end": {
          "character": 76,
          "line": 7,
        },
        "start": {
          "character": 4,
          "line": 7,
        },
      },
      "step": 69,
      "type": "generic_def",
    },
    "startFrame": 2040,
    "stepIndex": 68,
  },
  {
    "color": "#06B6D4",
    "duration": 30,
    "endFrame": 2100,
    "highlightLines": {
      "chars": {
        "end": 75,
        "start": 20,
      },
      "end": 6,
      "start": 6,
    },
    "isHighlight": true,
    "original": {
      "currentUnionMember": undefined,
      "currentUnionResults": undefined,
      "expression": "{[k in keyof o]: k extends string ? k : never}[keyof o]",
      "level": 6,
      "parameters": {
        "o": "{
      User: { id: number; name: string };
      Post: { id: number; title: string };
    }",
        "path": """",
        "prefix": """",
      },
      "position": {
        "end": {
          "character": 75,
          "line": 7,
        },
        "start": {
          "character": 20,
          "line": 7,
        },
      },
      "step": 70,
      "type": "indexed_access",
    },
    "startFrame": 2070,
    "stepIndex": 69,
  },
  {
    "color": "#8B5CF6",
    "duration": 30,
    "endFrame": 2130,
    "highlightLines": {
      "chars": {
        "end": 66,
        "start": 20,
      },
      "end": 6,
      "start": 6,
    },
    "isHighlight": true,
    "original": {
      "currentUnionMember": undefined,
      "currentUnionResults": undefined,
      "expression": "{[k in keyof o]: k extends string ? k : never}",
      "level": 7,
      "parameters": {
        "o": "{
      User: { id: number; name: string };
      Post: { id: number; title: string };
    }",
        "path": """",
        "prefix": """",
      },
      "position": {
        "end": {
          "character": 66,
          "line": 7,
        },
        "start": {
          "character": 20,
          "line": 7,
        },
      },
      "step": 71,
      "type": "mapped_type_start",
    },
    "startFrame": 2100,
    "stepIndex": 70,
  },
  {
    "color": "#F59E0B",
    "duration": 30,
    "endFrame": 2160,
    "highlightLines": {
      "chars": {
        "end": 34,
        "start": 27,
      },
      "end": 6,
      "start": 6,
    },
    "isHighlight": true,
    "original": {
      "currentUnionMember": undefined,
      "currentUnionResults": undefined,
      "expression": "k in keyof o",
      "level": 7,
      "parameters": {
        "o": "{
      User: { id: number; name: string };
      Post: { id: number; title: string };
    }",
        "path": """",
        "prefix": """",
      },
      "position": {
        "end": {
          "character": 34,
          "line": 7,
        },
        "start": {
          "character": 27,
          "line": 7,
        },
      },
      "step": 72,
      "type": "mapped_type_constraint",
    },
    "startFrame": 2130,
    "stepIndex": 71,
  },
  {
    "color": "#F59E0B",
    "duration": 30,
    "endFrame": 2190,
    "highlightLines": {
      "chars": {
        "end": 66,
        "start": 20,
      },
      "end": 6,
      "start": 6,
    },
    "isHighlight": true,
    "original": {
      "currentUnionMember": undefined,
      "currentUnionResults": undefined,
      "expression": "k in ("User" | "Post")",
      "level": 7,
      "parameters": {
        "o": "{
      User: { id: number; name: string };
      Post: { id: number; title: string };
    }",
        "path": """",
        "prefix": """",
      },
      "position": {
        "end": {
          "character": 66,
          "line": 7,
        },
        "start": {
          "character": 20,
          "line": 7,
        },
      },
      "result": ""User" | "Post"",
      "step": 73,
      "type": "mapped_type_constraint_result",
    },
    "startFrame": 2160,
    "stepIndex": 72,
  },
  {
    "color": "#3B82F6",
    "duration": 30,
    "endFrame": 2220,
    "highlightLines": {
      "chars": {
        "end": 34,
        "start": 22,
      },
      "end": 6,
      "start": 6,
    },
    "isHighlight": true,
    "original": {
      "currentUnionMember": undefined,
      "currentUnionResults": undefined,
      "expression": "k = "User"",
      "level": 7,
      "parameters": {
        "k": ""User"",
        "o": "{
      User: { id: number; name: string };
      Post: { id: number; title: string };
    }",
        "path": """",
        "prefix": """",
      },
      "position": {
        "end": {
          "character": 34,
          "line": 7,
        },
        "start": {
          "character": 22,
          "line": 7,
        },
      },
      "step": 74,
      "type": "map_iteration",
    },
    "startFrame": 2190,
    "stepIndex": 73,
  },
  {
    "color": "#F59E0B",
    "duration": 30,
    "endFrame": 2250,
    "highlightLines": {
      "chars": {
        "end": 65,
        "start": 37,
      },
      "end": 6,
      "start": 6,
    },
    "isHighlight": true,
    "original": {
      "currentUnionMember": undefined,
      "currentUnionResults": undefined,
      "expression": "k extends string ? k : never",
      "level": 8,
      "parameters": {
        "k": ""User"",
        "o": "{
      User: { id: number; name: string };
      Post: { id: number; title: string };
    }",
        "path": """",
        "prefix": """",
      },
      "position": {
        "end": {
          "character": 65,
          "line": 7,
        },
        "start": {
          "character": 37,
          "line": 7,
        },
      },
      "step": 75,
      "type": "condition",
    },
    "startFrame": 2220,
    "stepIndex": 74,
  },
  {
    "color": "#EC4899",
    "duration": 30,
    "endFrame": 2280,
    "highlightLines": {
      "chars": {
        "end": 38,
        "start": 37,
      },
      "end": 6,
      "start": 6,
    },
    "isHighlight": true,
    "original": {
      "currentUnionMember": undefined,
      "currentUnionResults": undefined,
      "expression": "k",
      "level": 9,
      "parameters": {
        "k": ""User"",
        "o": "{
      User: { id: number; name: string };
      Post: { id: number; title: string };
    }",
        "path": """",
        "prefix": """",
      },
      "position": {
        "end": {
          "character": 38,
          "line": 7,
        },
        "start": {
          "character": 37,
          "line": 7,
        },
      },
      "step": 76,
      "type": "conditional_evaluate_left",
    },
    "startFrame": 2250,
    "stepIndex": 75,
  },
  {
    "color": "#EC4899",
    "duration": 30,
    "endFrame": 2310,
    "highlightLines": {
      "chars": {
        "end": 53,
        "start": 47,
      },
      "end": 6,
      "start": 6,
    },
    "isHighlight": true,
    "original": {
      "currentUnionMember": undefined,
      "currentUnionResults": undefined,
      "expression": "string",
      "level": 9,
      "parameters": {
        "k": ""User"",
        "o": "{
      User: { id: number; name: string };
      Post: { id: number; title: string };
    }",
        "path": """",
        "prefix": """",
      },
      "position": {
        "end": {
          "character": 53,
          "line": 7,
        },
        "start": {
          "character": 47,
          "line": 7,
        },
      },
      "step": 77,
      "type": "conditional_evaluate_right",
    },
    "startFrame": 2280,
    "stepIndex": 76,
  },
  {
    "color": "#F59E0B",
    "duration": 30,
    "endFrame": 2340,
    "highlightLines": {
      "chars": {
        "end": 53,
        "start": 37,
      },
      "end": 6,
      "start": 6,
    },
    "isHighlight": true,
    "original": {
      "currentUnionMember": undefined,
      "currentUnionResults": undefined,
      "expression": "k extends string",
      "level": 8,
      "parameters": {
        "k": ""User"",
        "o": "{
      User: { id: number; name: string };
      Post: { id: number; title: string };
    }",
        "path": """",
        "prefix": """",
      },
      "position": {
        "end": {
          "character": 53,
          "line": 7,
        },
        "start": {
          "character": 37,
          "line": 7,
        },
      },
      "step": 78,
      "type": "conditional_comparison",
    },
    "startFrame": 2310,
    "stepIndex": 77,
  },
  {
    "color": "#F59E0B",
    "duration": 30,
    "endFrame": 2370,
    "highlightLines": {
      "chars": {
        "end": 57,
        "start": 56,
      },
      "end": 6,
      "start": 6,
    },
    "isHighlight": true,
    "original": {
      "currentUnionMember": undefined,
      "currentUnionResults": undefined,
      "expression": "true",
      "level": 8,
      "parameters": {
        "k": ""User"",
        "o": "{
      User: { id: number; name: string };
      Post: { id: number; title: string };
    }",
        "path": """",
        "prefix": """",
      },
      "position": {
        "end": {
          "character": 57,
          "line": 7,
        },
        "start": {
          "character": 56,
          "line": 7,
        },
      },
      "result": "true",
      "step": 79,
      "type": "conditional_evaluation",
    },
    "startFrame": 2340,
    "stepIndex": 78,
  },
  {
    "color": "#10B981",
    "duration": 30,
    "endFrame": 2400,
    "highlightLines": {
      "chars": {
        "end": 57,
        "start": 56,
      },
      "end": 6,
      "start": 6,
    },
    "isHighlight": true,
    "original": {
      "currentUnionMember": undefined,
      "currentUnionResults": undefined,
      "expression": "k",
      "level": 8,
      "parameters": {
        "k": ""User"",
        "o": "{
      User: { id: number; name: string };
      Post: { id: number; title: string };
    }",
        "path": """",
        "prefix": """",
      },
      "position": {
        "end": {
          "character": 57,
          "line": 7,
        },
        "start": {
          "character": 56,
          "line": 7,
        },
      },
      "step": 80,
      "type": "branch_true",
    },
    "startFrame": 2370,
    "stepIndex": 79,
  },
  {
    "color": "#3B82F6",
    "duration": 30,
    "endFrame": 2430,
    "highlightLines": {
      "chars": {
        "end": 34,
        "start": 22,
      },
      "end": 6,
      "start": 6,
    },
    "isHighlight": true,
    "original": {
      "currentUnionMember": undefined,
      "currentUnionResults": undefined,
      "expression": "k = "Post"",
      "level": 7,
      "parameters": {
        "k": ""Post"",
        "o": "{
      User: { id: number; name: string };
      Post: { id: number; title: string };
    }",
        "path": """",
        "prefix": """",
      },
      "position": {
        "end": {
          "character": 34,
          "line": 7,
        },
        "start": {
          "character": 22,
          "line": 7,
        },
      },
      "step": 81,
      "type": "map_iteration",
    },
    "startFrame": 2400,
    "stepIndex": 80,
  },
  {
    "color": "#F59E0B",
    "duration": 30,
    "endFrame": 2460,
    "highlightLines": {
      "chars": {
        "end": 65,
        "start": 37,
      },
      "end": 6,
      "start": 6,
    },
    "isHighlight": true,
    "original": {
      "currentUnionMember": undefined,
      "currentUnionResults": undefined,
      "expression": "k extends string ? k : never",
      "level": 8,
      "parameters": {
        "k": ""Post"",
        "o": "{
      User: { id: number; name: string };
      Post: { id: number; title: string };
    }",
        "path": """",
        "prefix": """",
      },
      "position": {
        "end": {
          "character": 65,
          "line": 7,
        },
        "start": {
          "character": 37,
          "line": 7,
        },
      },
      "step": 82,
      "type": "condition",
    },
    "startFrame": 2430,
    "stepIndex": 81,
  },
  {
    "color": "#EC4899",
    "duration": 30,
    "endFrame": 2490,
    "highlightLines": {
      "chars": {
        "end": 38,
        "start": 37,
      },
      "end": 6,
      "start": 6,
    },
    "isHighlight": true,
    "original": {
      "currentUnionMember": undefined,
      "currentUnionResults": undefined,
      "expression": "k",
      "level": 9,
      "parameters": {
        "k": ""Post"",
        "o": "{
      User: { id: number; name: string };
      Post: { id: number; title: string };
    }",
        "path": """",
        "prefix": """",
      },
      "position": {
        "end": {
          "character": 38,
          "line": 7,
        },
        "start": {
          "character": 37,
          "line": 7,
        },
      },
      "step": 83,
      "type": "conditional_evaluate_left",
    },
    "startFrame": 2460,
    "stepIndex": 82,
  },
  {
    "color": "#EC4899",
    "duration": 30,
    "endFrame": 2520,
    "highlightLines": {
      "chars": {
        "end": 53,
        "start": 47,
      },
      "end": 6,
      "start": 6,
    },
    "isHighlight": true,
    "original": {
      "currentUnionMember": undefined,
      "currentUnionResults": undefined,
      "expression": "string",
      "level": 9,
      "parameters": {
        "k": ""Post"",
        "o": "{
      User: { id: number; name: string };
      Post: { id: number; title: string };
    }",
        "path": """",
        "prefix": """",
      },
      "position": {
        "end": {
          "character": 53,
          "line": 7,
        },
        "start": {
          "character": 47,
          "line": 7,
        },
      },
      "step": 84,
      "type": "conditional_evaluate_right",
    },
    "startFrame": 2490,
    "stepIndex": 83,
  },
  {
    "color": "#F59E0B",
    "duration": 30,
    "endFrame": 2550,
    "highlightLines": {
      "chars": {
        "end": 53,
        "start": 37,
      },
      "end": 6,
      "start": 6,
    },
    "isHighlight": true,
    "original": {
      "currentUnionMember": undefined,
      "currentUnionResults": undefined,
      "expression": "k extends string",
      "level": 8,
      "parameters": {
        "k": ""Post"",
        "o": "{
      User: { id: number; name: string };
      Post: { id: number; title: string };
    }",
        "path": """",
        "prefix": """",
      },
      "position": {
        "end": {
          "character": 53,
          "line": 7,
        },
        "start": {
          "character": 37,
          "line": 7,
        },
      },
      "step": 85,
      "type": "conditional_comparison",
    },
    "startFrame": 2520,
    "stepIndex": 84,
  },
  {
    "color": "#F59E0B",
    "duration": 30,
    "endFrame": 2580,
    "highlightLines": {
      "chars": {
        "end": 57,
        "start": 56,
      },
      "end": 6,
      "start": 6,
    },
    "isHighlight": true,
    "original": {
      "currentUnionMember": undefined,
      "currentUnionResults": undefined,
      "expression": "true",
      "level": 8,
      "parameters": {
        "k": ""Post"",
        "o": "{
      User: { id: number; name: string };
      Post: { id: number; title: string };
    }",
        "path": """",
        "prefix": """",
      },
      "position": {
        "end": {
          "character": 57,
          "line": 7,
        },
        "start": {
          "character": 56,
          "line": 7,
        },
      },
      "result": "true",
      "step": 86,
      "type": "conditional_evaluation",
    },
    "startFrame": 2550,
    "stepIndex": 85,
  },
  {
    "color": "#10B981",
    "duration": 30,
    "endFrame": 2610,
    "highlightLines": {
      "chars": {
        "end": 57,
        "start": 56,
      },
      "end": 6,
      "start": 6,
    },
    "isHighlight": true,
    "original": {
      "currentUnionMember": undefined,
      "currentUnionResults": undefined,
      "expression": "k",
      "level": 8,
      "parameters": {
        "k": ""Post"",
        "o": "{
      User: { id: number; name: string };
      Post: { id: number; title: string };
    }",
        "path": """",
        "prefix": """",
      },
      "position": {
        "end": {
          "character": 57,
          "line": 7,
        },
        "start": {
          "character": 56,
          "line": 7,
        },
      },
      "step": 87,
      "type": "branch_true",
    },
    "startFrame": 2580,
    "stepIndex": 86,
  },
  {
    "color": "#10B981",
    "duration": 30,
    "endFrame": 2640,
    "highlightLines": {
      "chars": {
        "end": 66,
        "start": 20,
      },
      "end": 6,
      "start": 6,
    },
    "isHighlight": true,
    "original": {
      "currentUnionMember": undefined,
      "currentUnionResults": undefined,
      "expression": "Constructed object: {"\\"User\\"":"\\"User\\"","\\"Post\\"":"\\"Post\\""}",
      "level": 7,
      "parameters": {
        "o": "{
      User: { id: number; name: string };
      Post: { id: number; title: string };
    }",
        "path": """",
        "prefix": """",
      },
      "position": {
        "end": {
          "character": 66,
          "line": 7,
        },
        "start": {
          "character": 20,
          "line": 7,
        },
      },
      "result": "{"\\"User\\"":"\\"User\\"","\\"Post\\"":"\\"Post\\""}",
      "step": 88,
      "type": "mapped_type_result",
    },
    "startFrame": 2610,
    "stepIndex": 87,
  },
  {
    "color": "#8B5CF6",
    "duration": 30,
    "endFrame": 2670,
    "highlightLines": {
      "chars": {
        "end": 66,
        "start": 20,
      },
      "end": 6,
      "start": 6,
    },
    "isHighlight": true,
    "original": {
      "currentUnionMember": undefined,
      "currentUnionResults": undefined,
      "expression": "mapped type union: "User" | "Post"",
      "level": 7,
      "parameters": {
        "o": "{
      User: { id: number; name: string };
      Post: { id: number; title: string };
    }",
        "path": """",
        "prefix": """",
      },
      "position": {
        "end": {
          "character": 66,
          "line": 7,
        },
        "start": {
          "character": 20,
          "line": 7,
        },
      },
      "result": ""User" | "Post"",
      "step": 89,
      "type": "mapped_type_end",
    },
    "startFrame": 2640,
    "stepIndex": 88,
  },
  {
    "color": "#10B981",
    "duration": 30,
    "endFrame": 2700,
    "highlightLines": {
      "chars": {
        "end": 75,
        "start": 20,
      },
      "end": 6,
      "start": 6,
    },
    "isHighlight": true,
    "original": {
      "currentUnionMember": undefined,
      "currentUnionResults": undefined,
      "expression": "Extracted: "User" | "Post"",
      "level": 6,
      "parameters": {
        "o": "{
      User: { id: number; name: string };
      Post: { id: number; title: string };
    }",
        "path": """",
        "prefix": """",
      },
      "position": {
        "end": {
          "character": 75,
          "line": 7,
        },
        "start": {
          "character": 20,
          "line": 7,
        },
      },
      "result": ""User" | "Post"",
      "step": 90,
      "type": "indexed_access_result",
    },
    "startFrame": 2670,
    "stepIndex": 89,
  },
  {
    "color": "#10B981",
    "duration": 30,
    "endFrame": 2730,
    "highlightLines": {
      "chars": {
        "end": 76,
        "start": 4,
      },
      "end": 6,
      "start": 6,
    },
    "isHighlight": true,
    "original": {
      "currentUnionMember": undefined,
      "currentUnionResults": undefined,
      "expression": "keyOf => "User" | "Post"",
      "level": 5,
      "parameters": {
        "o": "{
      User: { id: number; name: string };
      Post: { id: number; title: string };
    }",
      },
      "position": {
        "end": {
          "character": 76,
          "line": 7,
        },
        "start": {
          "character": 4,
          "line": 7,
        },
      },
      "result": ""User" | "Post"",
      "step": 91,
      "type": "generic_result",
    },
    "startFrame": 2700,
    "stepIndex": 90,
  },
  {
    "color": "#F59E0B",
    "duration": 30,
    "endFrame": 2760,
    "highlightLines": {
      "chars": {
        "end": 31,
        "start": 10,
      },
      "end": 19,
      "start": 19,
    },
    "isHighlight": true,
    "original": {
      "currentUnionMember": undefined,
      "currentUnionResults": undefined,
      "expression": "path extends keyOf<o>",
      "level": 4,
      "parameters": {
        "o": "{
      User: { id: number; name: string };
      Post: { id: number; title: string };
    }",
        "path": """",
        "prefix": """",
      },
      "position": {
        "end": {
          "character": 31,
          "line": 20,
        },
        "start": {
          "character": 10,
          "line": 20,
        },
      },
      "step": 92,
      "type": "conditional_comparison",
    },
    "startFrame": 2730,
    "stepIndex": 91,
  },
  {
    "color": "#F59E0B",
    "duration": 30,
    "endFrame": 2790,
    "highlightLines": {
      "chars": {
        "end": 17,
        "start": 12,
      },
      "end": 23,
      "start": 23,
    },
    "isHighlight": true,
    "original": {
      "currentUnionMember": undefined,
      "currentUnionResults": undefined,
      "expression": "false",
      "level": 4,
      "parameters": {
        "o": "{
      User: { id: number; name: string };
      Post: { id: number; title: string };
    }",
        "path": """",
        "prefix": """",
      },
      "position": {
        "end": {
          "character": 17,
          "line": 24,
        },
        "start": {
          "character": 12,
          "line": 24,
        },
      },
      "result": "false",
      "step": 93,
      "type": "conditional_evaluation",
    },
    "startFrame": 2760,
    "stepIndex": 92,
  },
  {
    "color": "#EF4444",
    "duration": 30,
    "endFrame": 2820,
    "highlightLines": {
      "chars": {
        "end": 17,
        "start": 12,
      },
      "end": 23,
      "start": 23,
    },
    "isHighlight": true,
    "original": {
      "currentUnionMember": undefined,
      "currentUnionResults": undefined,
      "expression": "never",
      "level": 4,
      "parameters": {
        "o": "{
      User: { id: number; name: string };
      Post: { id: number; title: string };
    }",
        "path": """",
        "prefix": """",
      },
      "position": {
        "end": {
          "character": 17,
          "line": 24,
        },
        "start": {
          "character": 12,
          "line": 24,
        },
      },
      "step": 94,
      "type": "branch_false",
    },
    "startFrame": 2790,
    "stepIndex": 93,
  },
  {
    "color": "#10B981",
    "duration": 30,
    "endFrame": 2850,
    "highlightLines": {
      "end": 23,
      "start": 14,
    },
    "isHighlight": true,
    "original": {
      "currentUnionMember": undefined,
      "currentUnionResults": undefined,
      "expression": "validateLeafPath => never",
      "level": 2,
      "parameters": {
        "o": "{
      User: { id: number; name: string };
      Post: { id: number; title: string };
    }",
        "path": """",
        "prefix": """",
      },
      "position": {
        "end": {
          "character": 18,
          "line": 24,
        },
        "start": {
          "character": 4,
          "line": 15,
        },
      },
      "result": "never",
      "step": 95,
      "type": "generic_result",
    },
    "startFrame": 2820,
    "stepIndex": 94,
  },
  {
    "color": "#10B981",
    "duration": 30,
    "endFrame": 2880,
    "highlightLines": {
      "end": 26,
      "start": 24,
    },
    "isHighlight": true,
    "original": {
      "currentUnionMember": undefined,
      "currentUnionResults": undefined,
      "expression": "getter => never",
      "level": 0,
      "parameters": {
        "path": """",
      },
      "position": {
        "end": {
          "character": 39,
          "line": 27,
        },
        "start": {
          "character": 4,
          "line": 25,
        },
      },
      "result": "never",
      "step": 96,
      "type": "generic_result",
    },
    "startFrame": 2850,
    "stepIndex": 95,
  },
]
`;
